error: Bbb should sort before Ccc
 --> tests/ui/enum.rs:8:5
  |
8 |     Bbb(u8, u8),
  |     ^^^
