error: E::Bbb should sort before E::Ccc
  --> tests/ui/let-stable.rs:17:9
   |
17 |         E::Bbb(_, _) => {}
   |         ^^^^^^
