error: E::Bbb should sort before E::Ccc
  --> tests/ui/let-unstable.rs:20:9
   |
20 |         E::Bbb(_, _) => {}
   |         ^^^^^^
