error: a should sort before d
 --> tests/ui/unsorted-struct.rs:8:5
  |
8 |     a: usize,
  |     ^
